555 - error while creating room
